// Jest Snapshot v1, https://goo.gl/fbAQLP

exports[`matches snapshot 1`] = `
<DocumentFragment>
  <form>
    <label
      for="task"
    >
      Task to be added!
    </label>
    <input
      id="task"
      name="task"
      value=""
    />
    <button>
      Add a new task!
    </button>
  </form>
</DocumentFragment>
`;
